// Jest Snapshot v1, https://goo.gl/fbAQLP

exports[`<Nav/> Renders a full nav when signed in 1`] = `
<div>
  <ul
    class="NavStyles-sc-11c0d2g-0 jofUXi"
  >
    <a
      href="/products/1"
    >
      Products
    </a>
    <a
      href="/sell"
    >
      Sell
    </a>
    <a
      href="/orders"
    >
      Orders
    </a>
    <a
      href="/account"
    >
      Account
    </a>
    <a>
      Sign Out
    </a>
    <button
      type="button"
    >
      My Cart
      <span
        class="CartCount__AnimationStyles-sc-xxvp4g-1 gwXiGr"
      >
        <div>
          <p
            class="CartCount__Dot-sc-xxvp4g-0 glPYDY count"
          >
            0
          </p>
        </div>
      </span>
    </button>
  </ul>
</div>
`;

exports[`<Nav/> renders a full nav when signed in 1`] = `
<div>
  <ul
    class="NavStyles-sc-11c0d2g-0 jofUXi"
  >
    <a
      href="/products/1"
    >
      Products
    </a>
    <a
      href="/sell"
    >
      Sell
    </a>
    <a
      href="/orders"
    >
      Orders
    </a>
    <a
      href="/account"
    >
      Account
    </a>
    <a>
      Sign Out
    </a>
    <button
      type="button"
    >
      My Cart
      <span
        class="CartCount__AnimationStyles-sc-xxvp4g-1 gwXiGr"
      >
        <div>
          <p
            class="CartCount__Dot-sc-xxvp4g-0 glPYDY count"
          >
            0
          </p>
        </div>
      </span>
    </button>
  </ul>
</div>
`;
