// Jest Snapshot v1, https://goo.gl/fbAQLP

exports[`<SingleProduct/> renders out the single product 1`] = `
<div>
  <div
    class="SingleProduct__SingleProductStyle-sc-1kapz8w-0 jpItgu"
    data-testid="singleProduct"
  >
    <img
      src="dog.jpg"
    />
    <div
      class="details"
    >
      <h2>
        dogs are best
      </h2>
      <p>
        dogs
      </p>
    </div>
  </div>
</div>
`;
