// Jest Snapshot v1, https://goo.gl/fbAQLP

exports[`<SignUp/> renders and matches snapshot 1`] = `
<div>
  <form
    class="Form-sc-1xszr8q-0 hVEEdl"
    method="POST"
  >
    <fieldset>
      <h2>
        Sign up
      </h2>
      <label
        for="name"
      >
        Name
      </label>
      <input
        id="name"
        name="name"
        placeholder="Enter your name"
        type="text"
        value=""
      />
      <label
        for="email"
      >
        Email
      </label>
      <input
        autocomplete="email"
        id="email"
        name="email"
        placeholder="Enter your email"
        type="text"
        value=""
      />
      <label
        for="password"
      >
        Password
      </label>
      <input
        id="password"
        name="password"
        placeholder="Enter your password"
        type="password"
        value=""
      />
      <button
        type="submit"
      >
        Submit
      </button>
    </fieldset>
  </form>
</div>
`;
